aaronwl = Aaron W. LaFramboise <aaronavay62@aaronwl.com>
aaw = Ollie Wild <aaw@google.com>
abalkiss = Anthony Balkissoon <abalkiss@redhat.com>
abel = Andrey Belevantsev <abel@ispras.ru>
abennett = Andrew Bennett <andrew.bennett@imgtec.com>
aburgess = Andrew Burgess <andrew.burgess@embecosm.com>
abutcher = Adam Butcher <adam@jessamine.co.uk>
acsawdey = Aaron Sawdey <sawdey@linux.vnet.ibm.com>
aesok = Anatoly Sokolov <aesok@post.ru>
afanfa = Alessandro Fanfarillo <fanfarillo.gcc@gmail.com>
afomin = Alexander Fomin <afomin.mailbox@gmail.com>
ahyangyi2 = Yi Yang <ahyangyi@google.com>
aivchenk = Alexander Ivchenko <alexander.ivchenko@intel.com>
aj = Andreas Jaeger <aj@suse.de>
ak = Andi Kleen <andi@firstfloor.org>
alahay01 = Alan Hayward <alan.hayward@arm.com>
alalaw01 = Alan Lawrence <alan.lawrence@arm.com>
alanm = Alan Matsuoka <alanm@redhat.com>
aldot = Bernhard Reutner-Fischer <rep.dot.nop@gmail.com>
aldyh = Aldy Hernandez <aldyh@redhat.com>
alehotsky = Alan Lehotsky <apl@alum.mit.edu>
aluchko = Aaron Luchko <aluchko@redhat.com>
amacleod = Andrew Macleod <amacleod@redhat.com>
amker = Bin Cheng <bin.cheng@arm.com>
amodra = Alan Modra <amodra@gmail.com>
amonakov = Alexander Monakov <amonakov@ispras.ru>
ams = Andrew Stubbs <ams@codesourcery.com>
amylaar = Joern Rennecke <gnu@amylaar.uk>
andreabo = Andrea Bona <andrea.bona@st.com>
andreao = Andrea Ornstein <andrea.ornstein@st.com>
andreast = Andreas Tobler <andreast@gcc.gnu.org>
andrewjenner = Andrew Jenner <andrew@codesourcery.com>
andris = Andris Pavenis <andris.pavenis@iki.fi>
anoncvs = Anonymous CVS User <anoncvs@gcc.gnu.org>
ansgar = Ansgar Esztermann <ansgar@thphy.uni-duesseldorf.de>
aoliva = Alexandre Oliva <aoliva@redhat.com>
apbianco = Alexandre Petit-Bianco <apbianco@redhat.com>
aph = Andrew Haley <aph@redhat.com>
apop = Antoniu Pop <antoniu.pop@gmail.com>
asharif = Ahmad Sharif <asharif@google.com>
asutton = Andrew Sutton <andrew.n.sutton@gmail.com>
austern = Matt Austern <austern@gmail.com>
avelenko = Alex Velenko <alex.velenko@arm.com>
avieira = Andre Vieira <andre.simoesdiasvieira@arm.com>
ayers = David Ayers <ayers@fsfe.org>
azanella = Adhemerval Zanella <adhemerval.zanella@linaro.org>
baldrick = Duncan Sands <baldrick@gcc.gnu.org>
bangerth = Wolfgang Bangerth <bangerth@dealii.org>
bbooth = Brian Booth <bbooth@redhat.com>
bd3 = Benoit Dupont de Dinechin <benoit.dupont-de-dinechin@st.com>
bdavis = Bud Davis <jmdavis@link.com>
belagod = Tejas Belagod <tejas.belagod@arm.com>
bergner = Peter Bergner <bergner@vnet.ibm.com>
bernds = Bernd Schmidt <bernds_cb1@t-online.de>
bernie = Bernardo Innocenti <bernie@develer.com>
bill = Bill Cox <bill@cygnus.com>
billingd = David Billinghurst <David.Billinghurst@riotinto.com>
billm = Bill Moyer <billm@cygnus.com>
bje = Ben Elliston <bje@gnu.org>
bkoz = Benjamin Kosnik <bkoz@redhat.com>
blzut3 = Braden Obrzut <admin@maniacsvault.net>
bo = Bo Thorsen <bo@sonofthor.dk>
boger = Lynn Boger <laboger@linux.vnet.ibm.com>
bonzini = Paolo Bonzini <bonzini@gnu.org>
bosch = Geert Bosch <bosch@gnat.com>
bothner = Per Bothner <per@bothner.com>
bowdidge = Robert Bowdidge <bowdidge@apple.com>
brendan = Brendan Kehoe <brendan@zen.org>
brobecke = Joel Brobecker <brobecker@gnat.com>
brolley = Dave Brolley <brolley@redhat.com>
brooks = Brooks Moses <bmoses@google.com>
bryce = Bryce McKinlay <bmckinlay@gmail.com>
bson = Jan Brittenson <bson@ai.mit.edu>
bstarynk = Basile Starynkevitch <basile@starynkevitch.net>
burley = Craig Burley <burley@gnu.org>
burnus = Tobias Burnus <burnus@net-b.de>
bviyer = Balaji V. Iyer <bviyer@gmail.com>
bwilson = Bob Wilson <bob.wilson@acm.org>
cagney = Andrew Cagney <cagney@gnu.org>
canqun = Canqun Yang <canqun@nudt.edu.cn>
carll = Carl Love <cel@us.ibm.com>
carlo = Carlo Wood <carlo@alinoe.com>
carlos = Carlos O'Donell <carlos@redhat.com>
carrot = Wei Guozhi <carrot@google.com>
cbaylis = Charles Baylis <charles.baylis@linaro.org>
cchavva = Chandra Chavva <cchavva@redhat.com>
ccorn = Christian Cornelssen <ccorn@cs.tu-berlin.de>
ccoutant = Cary Coutant <ccoutant@gmail.com>
cesar = Cesar Philippidis <cesar@codesourcery.com>
cfairles = Chris Fairles <cfairles@gcc.gnu.org>
cfang = Changpeng Fang <changpeng.fang@amd.com>
cgd = Chris Demetriou <cgd@google.com>
cgf = Christopher Faylor <cgf@gcc.gnu.org>
chaoyingfu = Chao-ying Fu <fu@mips.com>
charlet = Arnaud Charlet <charlet@act-europe.fr>
chastain = Michael Chastain <chastain@redhat.com>
chefmax = Maxim Ostapenko <m.ostapenko@partner.samsung.com>
chelf = Ben Chelf <ben@coverity.com>
chrbr = Christian Bruel <christian.bruel@st.com>
ciceron = Stephane Carrez <stcarrez@nerim.fr>
cks = Chris Smith <cks@convex.com>
claziss = Claudiu Zissulescu <claziss@synopsys.com>
click = Nick Clifton <nickc@redhat.com>
clm = Catherine Moore <clm@codesourcery.com>
cltang = Chung-Lin Tang <cltang@codesourcery.com>
clyon = Christophe Lyon <christophe.lyon@st.com>
cmatthews = Chris Matthews <chrismatthews@google.com>
collison = Michael Collison <michael.collison@linaro.org>
congh = Cong Hou <congh@google.com>
corsepiu = Ralf Corsepius <ralf.corsepius@rtems.org>
coxs = Stan Cox <scox@redhat.com>
cpopetz = Clinton Popetz <cpopetz@cpopetz.com>
crowl = Lawrence Crowl <crowl@google.com>
crux = Bernd Schmidt <bernds_cb1@t-online.de>
ctice = Caroline Tice <cmtice@google.com>
dalecki = Marcin Dalecki <martin@dalecki.de>
dalej = Dale Johannesen <dalej@apple.com>
daney = David Daney <david.daney@caviumnetworks.com>
danglin = John David Anglin <danglin@gcc.gnu.org>
danielh = Daniel Hellstrom <daniel@gaisler.com>
dann = Dan Nicolaescu <dann@ics.uci.edu>
dannysmith = Danny Smith <dannysmith@users.sourceforge.net>
dansan = Daniel Santos <daniel.santos@pobox.com>
dardiss = Simon Dardis <simon.dardis@imgtec.com>
darkbeer = Dmitry Bocharnikov <dmitry.b@samsung.com>
davek = Dave Korn <dave.korn.cygwin@gmail.com>
davem = David S. Miller <davem@redhat.com>
davids = David Sherwood <david.sherwood@arm.com>
davidu = David Ung <davidu@mips.com>
davidxl = Xinliang David Li <davidxl@google.com>
dberlin = Daniel Berlin <dberlin@dberlin.org>
dcarrera = Daniel Carrera <dcarrera@gmail.com>
dehao = Dehao Chen <dehao@google.com>
delesley = DeLesley Hutchins <delesley@google.com>
denisc = Denis Chertykov <chertykov@gmail.com>
dennisg = Dennis Glatting <dglattin@trirex.com>
devans = Doug Evans <dje@google.com>
dfranke = Daniel Franke <franke.daniel@gmail.com>
dgilmore = Doug Gilmore <Doug.Gilmore@imgtec.com>
dglattin = Dennis Glatting <dglattin@trirex.com>
dgregor = Doug Gregor <doug.gregor@gmail.com>
dgutson = Daniel Gutson <daniel.gutson@tallertechnologies.com>
dinar = Dinar Temirbulatov <dtemirbulatov@gmail.com>
dj = DJ Delorie <dj@redhat.com>
djee = David Jee <djee@redhat.com>
djm = David J. MacKenzie <djm@churchy.gnu.ai.mit.edu>
dlindsay = Don Lindsay <dlindsay@redhat.com>
dmalcolm = David Malcolm <dmalcolm@redhat.com>
dnovillo = Diego Novillo <dnovillo@google.com>
dodji = Dodji Seketeli <dodji@gcc.gnu.org>
doko = Matthias Klose <doko@debian.org>
dominiq = Dominique d'Humieres <dominiq@lps.ens.fr>
domo = Daniel Kraft <d@domob.eu>
domob = Daniel Kraft <d@domob.eu>
dorit = Dorit Nuzman <dorit@il.ibm.com>
dougkwan = Doug Kwan <dougkwan@google.com>
dpatel = Devang Patel <dpatel@apple.com>
drepper = Ulrich Drepper <drepper@gmail.com>
drow = Daniel Jacobowitz <drow@false.org>
dsh = Dan Hipschman <dsh@google.com>
dvyukov = Dmitry Vyukov <dvyukov@google.com>
dwarak = Dwarakanath Rajagopal <dwarak.rajagopal@amd.com>
dyuste = David Yuste <david.yuste@gmail.com>
eager = Michael Eager <eager@eagercon.com>
ebotcazou = Eric Botcazou <ebotcazou@libertysurf.fr>
echristo = Eric Christopher <echristo@gmail.com>
edelsohn = David Edelsohn <dje.gcc@gmail.com>
edlinger = Bernd Edlinger <bernd.edlinger@hotmail.de>
edmarwjr = Edmar Wienskoski <edmar@freescale.com>
eedelman = Erik Edelmann <erik.edelmann@iki.fi>
egallager = Eric Gallager <egall@gwmail.gwu.edu>
egavrin = Evgeny Gavrin <e.gavrin@samsung.com>
eggert = Paul Eggert <eggert@twinsun.com>
emsr = Edward Smith-Rowland <3dw4rd@verizon.net>
eraman = Easwaran Raman <eraman@google.com>
ericb = Eric Blake <ericb@gcc.gnu.org>
erich = Richard Earnshaw <rearnsha@arm.com>
erik = Erik Naggum <erik@naggum.no>
erven = Erven Rohou <erven.rohou@inria.fr>
espie = Marc Espie <espie@cvs.openbsd.org>
espindola = Rafael Espindola <espindola@google.com>
evancheng = Evan Cheng <evan.cheng@apple.com>
evandro = Evandro Menezes <e.menezes@samsung.com>
eweddington = Eric Weddington <eweddington@cso.atmel.com>
fabien = Fabien Chêne <fabien@gcc.gnu.org>
falk = Falk Hueffner <falk@debian.org>
fche = Frank Ch. Eigler <fche@redhat.com>
fdumont = François Dumont <fdumont@gcc.gnu.org>
fengwang = Feng Wang <fengwang@nudt.edu.cn>
fitzsim = Thomas Fitzsimmons <fitzsim@fitzsim.org>
fjahanian = Fariborz Jahanian <fjahanian@apple.com>
fjh = Fergus Henderson <fjh@cs.mu.oz.au>
fnasser = Fernando Nasser <fnasser@redhat.com>
ford = Brian Ford <ford@vss.fsi.com>
foreese = Fritz Reese <fritzoreese@gmail.com>
fp = Frederic Pierresteguy <fp@hal.gnu.ai.mit.edu>
friedman = Noah Friedman <friedman+gnu@splode.com>
froydnj = Nathan Froyd <froydnj@gcc.gnu.org>
fw = Florian Weimer <fweimer@redhat.com>
fx = Dave Love <fx@gcc.gnu.org>
fxcoudert = François-Xavier Coudert <fxcoudert@gcc.gnu.org>
fyang = Fei Yang <felix.yang@huawei.com>
gandalf = Andrew John Hughes <gnu_andrew@member.fsf.org>
gary = Gary Benson <gbenson@redhat.com>
gavin = Gavin Romig-Koch <gavin@redhat.com>
gccadmin = GCC Administrator <gccadmin@gcc.gnu.org>
gchare = Gabriel Charette <gchare@google.com>
gdr = Gabriel Dos Reis <gdr@integrable-solutions.net>
geoffk = Geoffrey Keating <geoffk@geoffk.org>
george = George Helffrich <george@gcc.gnu.org>
gerald = Gerald Pfeifer <gerald@pfeifer.com>
gfunck = Gary Funck <gary@intrepid.com>
gganesh = Ganesh Gopalasubramanian <Ganesh.Gopalasubramanian@amd.com>
ghazi = Kaveh Ghazi <ghazi@gcc.gnu.org>
gingell = Matthew Gingell <gingell@gnat.com>
gingold = Tristan Gingold <tgingold@free.fr>
giovannibajo = Giovanni Bajo <giovannibajo@gcc.gnu.org>
gjl = Georg-Johann Lay <avr@gjlay.de>
gkm = Greg McGary <gkm@gnu.org>
glisse = Marc Glisse <marc.glisse@inria.fr>
gp = Graeme Peterson <gp@qnx.com>
grahams = Graham Stott <graham.stott@btinternet.com>
graydon = Graydon Hoare <graydon@redhat.com>
green = Anthony Green <green@redhat.com>
gretay = Greta Yorsh <greta.yorsh@arm.com>
grosser = Tobias Grosser <grosser@fim.uni-passau.de>
gshobaki = Ghassan Shobaki <ghassan.shobaki@amd.com>
gsvelto = Gabriele Svelto <gabriele.svelto@st.com>
guerby = Laurent Guerby <laurent@guerby.net>
hagog = Mostafa Hagog <hagog@gcc.gnu.org>
hainque = Olivier Hainque <hainque@act-europe.fr>
halewang = Hale Wang <hale.wang@arm.com>
hariharans = Hariharan Sandanagobalane <hariharan.gcc@gmail.com>
harshit = Harshit Chopra <harshit@google.com>
hassey = John Hassey <hassey@dg-rtp.dg.com>
haubi = Michael Haubenwallner <michael.haubenwallner@ssi-schaefer.com>
hboehm = Hans Boehm <hboehm@gcc.gnu.org>
hiller = Matthew Hiller <hiller@redhat.com>
hinnant = Howard Hinnant <howard.hinnant@gmail.com>
hjagasia = Harsha Jagasia <harsha.jagasia@amd.com>
hjl = H.J. Lu <hjl.tools@gmail.com>
hmchang = Hui-May Chang <hm.chang@apple.com>
hp = Hans-Peter Nilsson <hp@axis.com>
hpenner = Hartmut Penner <hpenner@de.ibm.com>
hubicka = Jan Hubicka <hubicka@ucw.cz>
hutchinsonandy = Andy Hutchinson <hutchinsonandy@aim.com>
iains = Iain Sandoe <iain@codesourcery.com>
ian = Ian Lance Taylor <ian@airs.com>
iandall = Ian Dall <ian@beware.dropbear.id.au>
ibolton = Ian Bolton <ian.bolton@arm.com>
ibuclaw = Iain Buclaw <ibuclaw@gdcproject.org>
ienkovich = Ilya Enkovich <enkovich.gnu@gmail.com>
ira = Ira Ruben <ira@apple.com>
irar = Ira Rosen <irar@il.ibm.com>
itsimbal = Igor Tsimbalist <igor.v.tsimbalist@intel.com>
iusmanov = Ilmir Usmanov <me@ilmir.us>
iverbin = Ilya Verbin <iverbin@gmail.com>
jakub = Jakub Jelinek <jakub@redhat.com>
jamborm = Martin Jambor <mjambor@suse.cz>
jamesbowman = James Bowman <james.bowman@ftdichip.com>
janis = Janis Johnson <janis.marie.johnson@gmail.com>
janus = Janus Weil <janus@gcc.gnu.org>
jason = Jason Merrill <jason@redhat.com>
jasonwucj = Chung-Ju Wu <jasonwucj@gmail.com>
jayants = Jayant Sonar <rsonar.jayant@gmail.com>
jb = Janne Blomqvist <jb@gcc.gnu.org>
jblomqvi = Janne Blomqvist <blomqvist.janne@gmail.com>
jbeniston = Jon Beniston <jon@beniston.com>
jbeulich = Jan Beulich <jbeulich@novell.com>
jbglaw = Jan-Benedict Glaw <jbglaw@lug-owl.de>
jcmvbkbc = Max Filippov <jcmvbkbc@gmail.com>
jconner = Josh Conner <jconner@apple.com>
jemarch = Jose E. Marchesi <jose.marchesi@oracle.com>
jfc = John Carr <jfc@mit.edu>
jfreeman = John Freeman <jfreeman08@gmail.com>
jgreenhalgh = James Greenhalgh <james.greenhalgh@arm.com>
jgrimm = Jon Grimm <jon.grimm@gmail.com>
jiez = Jie Zhang <jzhang918@gmail.com>
jimb = Jim Blandy <jimb@redhat.com>
jingyu = Jing Yu <jingyu@google.com>
jiwang = Jiong Wang <jiong.wang@arm.com>
jkj = Kean Johnston <jkj@sco.com>
jknaggs = Jeff Knaggs <jknaggs@redhat.com>
jkoval = Julia Koval <julia.koval@intel.com>
jkratoch = Jan Kratochvil <jan.kratochvil@redhat.com>
jle = Jason Eckhardt <jle@rice.edu>
jlquinn = Jerry Quinn <jlquinn@optonline.net>
jnorris = James Norris <jnorris@codesourcery.com>
joel = Joel Sherrill <joel@oarcorp.com>
jonz = Jon Ziegler <jonz@apple.com>
jrv = James Van Artsdalen <jrv@goldman.gnu.ai.mit.edu>
jsjodin = Jan Sjodin <jan.sjodin@amd.com>
jsm = Jason Molenda <jsm@gcc.gnu.org>
jsm28 = Joseph Myers <joseph@codesourcery.com>
jsturm = Jeff Sturm <jsturm@gcc.gnu.org>
jtw = John Wroclawski <jtw@lcs.mit.edu>
jules = Julian Brown <julian@codesourcery.com>
jvdelisle = Jerry DeLisle <jvdelisle@gcc.gnu.org>
jwlemke = James Lemke <jwlemke@codesourcery.com>
jyasskin = Jeffrey Yasskin <jyasskin@google.com>
jye2 = Joey Ye <joey.ye@arm.com>
jyong = Jonathan Yong <10walls@gmail.com>
kargl = Steven G. Kargl <kargl@gcc.gnu.org>
karl = Karl Berry <karl@cs.umb.edu>
karthikkumar = Karthik Kumar <karthikkumar@gmail.com>
kaushikp = Kaushik Phatak <kaushik.phatak@kpitcummins.com>
kazu = Kazu Hirata <kazu@codesourcery.com>
kcc = Kostya Serebryany <kcc@google.com>
kcook = R. Kelley Cook <kcook@gcc.gnu.org>
kelvin = Kelvin Nilsen <kdnilsen@linux.vnet.ibm.com>
kenner = Richard Kenner <kenner@nyu.edu>
kevinb = Kevin Buettner <kevinb@redhat.com>
kgallowa = Kyle Galloway <kgallowa@redhat.com>
khan = Mumit Khan <khan@xraylith.wisc.edu>
kho = Kim Ho <kho@gcc.gnu.org>
kkojima = Kaz Kojima <kkojima@gcc.gnu.org>
koenigni = Nicolas Koenig <koenigni@student.ethz.ch>
korbb = Bruce Korb <bkorb@gnu.org>
kraai = Matt Kraai <kraai@ftbfs.org>
krab = Kresten Krab Thorup <krab@gcc.gnu.org>
krebbel = Andreas Krebbel <Andreas.Krebbel@de.ibm.com>
kristerw = Krister Walfridsson <krister.walfridsson@gmail.com>
kseitz = Keith Seitz <kseitz@sources.redhat.com>
ksejdak = Jakub Sejdak <jakub.sejdak@phoesys.com>
ktietz = Kai Tietz <ktietz@redhat.com>
ktkachov = Kyrylo Tkachov <kyrylo.tkachov@arm.com>
kuba = Jakub Staszak <kuba@et.pl>
kugan = Kugan Vivekanandarajah <kuganv@linaro.org>
kvanhees = Kris Van Hees <kris.van.hees@oracle.com>
kwilliam = Kevin Williams <kevin.williams@inria.fr>
kwzh = Karl Heuer <kwzh@gnu.ai.mit.edu>
kyukhin = Kirill Yukhin <kirill.yukhin@gmail.com>
langton = Asher Langton <langton2@llnl.gov>
lauras = Laurynas Biveinis <laurynas.biveinis@gmail.com>
law = Jeff Law <law@redhat.com>
lcwu = Le-Chun Wu <lcwu@google.com>
lekernel = Sebastien Bourdeauducq <sebastien@milkymist.org>
lerdsuwa = Kriang Lerdsuwanakij <lerdsuwa@users.sourceforge.net>
lifeng = Li Feng <nemokingdom@gmail.com>
liqin = Chen Liqin <liqin.gcc@gmail.com>
liujiangning = Jiangning Liu <jiangning.liu@arm.com>
lixialiu = Lixia Liu <lixialiu@google.com>
ljrittle = Loren J. Rittle <ljrittle@acm.org>
lkrupp = Louis Krupp <louis.krupp@zoho.com>
llozano = Luis Lozano <llozano@google.com>
lmillward = Lee Millward <lee.millward@gmail.com>
loewis = Martin v. Löwis <loewis@informatik.hu-berlin.de>
loki = Gabor Loki <loki@inf.u-szeged.hu>
ludo = Ludovic Courtès <ludo@gnu.org>
luisgpm = Luis Machado <lgustavo@codesourcery.com>
m.hayes = Michael Hayes <m.hayes@elec.canterbury.ac.nz>
macro = Maciej W. Rozycki <macro@linux-mips.org>
maddox = Bill Maddox <maddox@google.com>
manfred = Manfred Hollstein <mh@suse.com>
manu = Manuel López-Ibáñez <manu@gcc.gnu.org>
marekm = Marek Michalkiewicz <marekm@amelek.gda.pl>
mark = Mark Wielaard <mark@gcc.gnu.org>
martinthuresson = Martin Thuresson <martint@google.com>
marxin = Martin Liska <mliska@suse.cz>
matt = Matt Thomas <matt@3am-software.com>
matthewg = Matthew Sachs <msachs@apple.com>
matz = Michael Matz <matz@suse.de>
mcrosier = Chad Rosier <mcrosier@ncsu.edu>
meadori = Meador Inge <meadori@codesourcery.com>
megacz = Adam Megacz <gcc@lists.megacz.com>
meheff = Mark Heffernan <meheff@google.com>
meibf = Bingfeng Mei <bmei@broadcom.com>
meissner = Michael Meissner <gnu@the-meissners.org>
membar = Mohan Embar <gnustuff@thisiscool.com>
merrill = Jason Merrill <jason@redhat.com>
merzlyakovao = Alexey Merzlyakov <alexey.merzlyakov@samsung.com>
meyering = Jim Meyering <jim@meyering.net>
mgadams = Mark G. Adams <mark.g.adams@sympatico.ca>
mgretton = Matthew Gretton-Dann <matthew.gretton-dann@arm.com>
mib = Michael Bushnell <mib@gnu.ai.mit.edu>
michaelh = Michael Hope <michael.hope@linaro.org>
mikael = Mikael Morin <mikael.morin@sfr.fr>
miles = Miles Bader <miles@gnu.ai.mit.edu>
mircea = Mircea Namolaru <mircea.namolaru@inria.fr>
miyuki = Mikhail Maltsev <maltsevm@gmail.com>
mkoch = Michael Koch <konqueror@gmx.de>
mkuvyrkov = Maxim Kuvyrkov <maxim.kuvyrkov@linaro.org>
mmitchel = Mark Mitchell <mark.patrick.mitchell@gmail.com>
mmitchell = Mark Mitchell <mark.patrick.mitchell@gmail.com>
moore = Timothy Moore <moore@bricoworks.com>
moshier = Stephen L Moshier <moshier@world.std.com>
mpf = Matthew Fortune <matthew.fortune@imgtec.com>
mpolacek = Marek Polacek <polacek@redhat.com>
mrs = Mike Stump <mikestump@comcast.net>
msebor = Martin Sebor <msebor@gcc.gnu.org>
mshawcroft = Marcus Shawcroft <marcus.shawcroft@arm.com>
msokolov = Michael Sokolov <msokolov@ivan.Harhan.ORG>
mueller = Dirk Mueller <dmueller@suse.de>
munroesj = Steven Munroe <munroesj@gcc.gnu.org>
mwahab = Matthew Wahab <matthew.wahab@arm.com>
mycroft = Charles Hannum <mycroft@gnu.ai.mit.edu>
mzakirov = Marat Zakirov <m.zakirov@samsung.com>
nathan = Nathan Sidwell <nathan@acm.org>
naveenh = Naveen H.S <Naveen.Hurugalawadi@caviumnetworks.com>
neil = Neil Booth <neil@daikokuya.co.uk>
nemet = Adam Nemet <adambnemet@gmail.com>
nenadv = Nenad Vukicevic <nenad@intrepid.com>
neroden = Nathanael Nerode <neroden@gcc.gnu.org>
nferrier = Nic Ferrier <nferrier@tapsellferrier.co.uk>
nickc = Nick Clifton <nickc@redhat.com>
nico = Nicolas Pitre <nico@cam.org>
nicola = Nicola Pero <nicola.pero@meta-innovation.com>
niklas = Niklas Hallqvist <niklas@appli.se>
no-author = No Author <no-author@gcc.gnu.org>
noer = Geoffrey Noer <noer@cygnus.com>
nsz = Szabolcs Nagy <szabolcs.nagy@arm.com>
nvachhar = Neil Vachharajani <nvachhar@gmail.com>
obrien = David O'Brien <obrien@FreeBSD.org>
oldham = Jeffrey D. Oldham <oldham@codesourcery.com>
olegendo = Oleg Endo <olegendo@gcc.gnu.org>
olegr = Oleg Ryjkov <olegr@google.com>
olga = Olga Golovanevsky <golovanevsky.olga@gmail.com>
oliva = Alexandre Oliva <aoliva@redhat.com>
ovidiu = Ovidiu Predescu <ovidiu@cup.hp.com>
palmer = Palmer Dabbelt <palmer@sifive.com>
palves = Pedro Alves <palves@redhat.com>
paolo = Paolo Carlini <paolo.carlini@oracle.com>
paulhua = Chenghua Xu <paul.hua.gm@gmail.com>
pault = Paul Thomas <pault@gcc.gnu.org>
pb = Phil Blundell <pb@futuretv.com>
pbiggar = Paul Biggar <pbiggar@cs.tcd.ie>
pbrook = Paul Brook <paul@nowt.org>
pcg = Marc Lehmann <pcg@goof.com>
phdm = Philippe De Muyter <phdm@macqel.be>
phython = James A. Morrison <phython@gcc.gnu.org>
pinskia = Andrew Pinski <pinskia@gmail.com>
pkoning = Paul Koning <paulkoning@comcast.net>
pmarlier = Patrick Marlier <patrick.marlier@gmail.com>
pmatos = Paulo Matos <paulo@matos-sorge.com>
pmderodat = Pierre-Marie de Rodat <derodat@adacore.com>
pme = Phil Edwards <pme@gcc.gnu.org>
pmj = Phillip Jordan <phillip.m.jordan@gmail.com>
pmuldoon = Phil Muldoon <pmuldoon@redhat.com>
pogma = Peter O'Gorman <pogma@thewrittenword.com>
pompa = Pompapathi V Gadad <Pompapathi.V.Gadad@nsc.com>
ppalka = Patrick Palka <ppalka@gcc.gnu.org>
ppluzhnikov = Paul Pluzhnikov <ppluzhnikov@google.com>
prachigodbole = Prachi Godbole <prachi.godbole@imgtec.com>
prakhar = Prakhar Bahuguna <prakhar.bahuguna@arm.com>
prathamesh3492 = Prathamesh Kulkarni <prathamesh.kulkarni@linaro.org>
pronesto = Fernando Pereira <pronesto@gmail.com>
psmith = Paul D. Smith <smith@baynetworks.com>
pthaugen = Pat Haugen <pthaugen@us.ibm.com>
pthomas = Philipp Thomas <pthomas@suse.de>
ptomsich = Philipp Tomsich <philipp.tomsich@theobroma-systems.com>
pzhao = Shujing Zhao <pearly.zhao@oracle.com>
qinzhao = Qing Zhao <qing.zhao@oracle.com>
qiyao = Yao Qi <qiyaoltc@gmail.com>
qneill = Quentin Neill <quentin.neill.gnu@gmail.com>
raeburn = Ken Raeburn <raeburn@cygnus.com>
rakdver = Zdenek Dvorak <ook@ucw.cz>
raksit = Raksit Ashok <raksit@google.com>
ralph = Ralph Loader <ralph@gcc.gnu.org>
ramana = Ramana Radhakrishnan <ramana.radhakrishnan@arm.com>
rask = Rask Ingemann Lambertsen <ccc94453@vip.cybercity.dk>
razya = Razya Ladelsky <razya@gcc.gnu.org>
rdapp = Robin Dapp <rdapp@linux.vnet.ibm.com>
rearnsha = Richard Earnshaw <rearnsha@arm.com>
redfire = Jeremie Salvucci <jeremie.salvucci@free.fr>
redi = Jonathan Wakely <jwakely@redhat.com>
redi2 = Jonathan Wakely <jwakely@gcc.gnu.org>
redi3 = Jonathan Wakely <jwakely.gcc@mail.com>
redi4 = Jonathan Wakely <cow@compsoc.man.ac.uk>
reichelt = Volker Reichelt <v.reichelt@netcologne.de>
renlin = Renlin Li <renlin.li@arm.com>
revitale = Revital Eres <revital.eres@linaro.org>
rguenth = Richard Biener <rguenther@suse.de>
rkidd = Robert Kidd <rkidd@crhc.uiuc.edu>
rmathew = Ranjit Mathew <rmathew@hotmail.com>
rmh = Robert Millan <rmh@gnu.org>
rms = Richard Stallman <rms@gnu.org>
ro = Rainer Orth <ro@CeBiTec.Uni-Bielefeld.DE>
robc = Roberto Costa <robsettantasei@gmail.com>
robertl = Robert Lipe <robertl@arnet.com>
rodimina = Olga Rodimina <rodimin@gcc.gnu.org>
rodrigc = Craig Rodrigues <rodrigc@gcc.gnu.org>
roland = Roland McGrath <roland@hack.frob.com>
rolfh = Arne H. Juul <arnej@pvv.ntnu.no>
rolfwr = Rolf Rasmussen <rolfwr@gcc.gnu.org>
romangareev = Roman Gareev <gareevroman@gmail.com>
root = Daniel Berlin <dberlin@dberlin.org>
rsandifo = Richard Sandiford <rdsandiford@googlemail.com>
rsavoye = Rob Savoye <rob@linaro.org>
rschuster = Robert Schuster <robertschuster@fsfe.org>
rth = Richard Henderson <richard.henderson@linaro.org>
rts = Robert Suchanek <robert.suchanek@imgtec.com>
rupp = Douglas Rupp <douglas.b.rupp@gmail.com>
rus = Silvius Rus <rus@google.com>
rwild = Ralf Wildenhues <Ralf.Wildenhues@gmx.de>
saaadhu = Senthil Kumar Selvaraj <senthil_kumar.selvaraj@atmel.com>
sabre = Chris Lattner <sabre@nondot.org>
sac = Steve Chamberlain <sac@transmeta.com>
saliu = Sa Liu <saliu@de.ibm.com>
sam = Samuel Tardieu <sam@rfc1149.net>
sameerad = Sameera Deshpande <sameera.deshpande@arm.com>
samuel = Alex Samuel <samuel@codesourcery.com>
sandeep = Sandeep Soni <soni.sandeepb@gmail.com>
sandra = Sandra Loosemore <sandra@codesourcery.com>
sayle = Roger Sayle <roger@eyesopen.com>
schwab = Andreas Schwab <schwab@suse.de>
scottb = Scott Bambrough <scottb@netwinder.org>
scox = Stan Cox <scox@redhat.com>
segher = Segher Boessenkool <segher@kernel.crashing.org>
seurer = Bill Seurer <seurer@linux.vnet.ibm.com>
sgilbertson = Scott Gilbertson <scottg@mantatest.com>
sh = Sebastian Huber <sebastian.huber@embedded-brains.de>
shebs = Stan Shebs <stanshebs@earthlink.net>
shenders = Stuart Henderson <shenders@gcc.gnu.org>
shenhan = Han Shen <shenhan@google.com>
shinwell = Mark Shinwell <mshinwell@janestreet.com>
simartin = Simon Martin <simartin@users.sourceforge.net>
simonb = Simon Baldwin <simonb@google.com>
singhai = Sharad Singhai <singhai@google.com>
singler = Johannes Singler <singler@kit.edu>
sirl = Franz Sirl <franz.sirl-kernel@lauterbach.com>
sje = Steve Ellcey <sje@cup.hp.com>
smlobo = Sheldon Lobo <smlobo@sheldon.us.oracle.com>
smw = Stephen M. Webb <stephen.webb@bregmasoft.com>
sofiane = Sofiane Naci <sofiane.naci@arm.com>
spark = Seongbae Park <seongbae.park@gmail.com>
speryt = Sebastian Peryt <sebastian.peryt@intel.com>
spolk = Syd Polk <spolk@cygnus.com>
spop = Sebastian Pop <s.pop@samsung.com>
spyffe = Sean Callanan <spyffe@cs.sunysb.edu>
srladd = Scott Robert Ladd <scott.ladd@coyotegulch.com>
ssaraswati = Sujoy Saraswati <sujoy.saraswati@hpe.com>
sterling = Sterling Augustine <augustine.sterling@gmail.com>
steven = Steven Bosscher <steven@gcc.gnu.org>
stuart = Stuart Hastings <stuart@apple.com>
sudi = Sudakshina Das <sudi.das@arm.com>
sveinse = Svein Seldal <svein@dev.seldal.com>
sylvestre = Sylvestre Ledru <sylvestre@debian.org>
tbm = Martin Michlmayr <tbm@cyrius.com>
tbsaunde = Trevor Saunders <tsaunders@mozilla.com>
tege = Torbjorn Granlund <tege@swox.com>
tejohnson = Teresa Johnson <tejohnson@google.com>
tema = Artjoms Sinkarovs <artyom.shinakroff@gmail.com>
tglek = Taras Glek <tglek@mozilla.com>
thomas = Thomas Bushnell, n/BSG <tb@becket.net>
thopre01 = Thomas Preud'homme <thomas.preudhomme@arm.com>
thorpej = Jason Thorpe <thorpej@netbsd.org>
ths = Thiemo Seufer <ths@networkno.de>
tiemann = Michael Tiemann <tiemann@redhat.com>
tiloschwarz = Tilo Schwarz <tilo@tilo-schwarz.de>
timjosling = Tim Josling <tej@melbpc.org.au>
timshen = Tim Shen <timshen@google.com>
tkoenig = Thomas Koenig <tkoenig@gcc.gnu.org>
tlafage = Thierry Lafage <thierry.lafage@inria.fr>
tlaurenzo = Terry Laurenzo <tlaurenzo@gmail.com>
tmsriram = Sriraman Tallam <tmsriram@google.com>
tneumann = Thomas Neumann <tneumann@users.sourceforge.net>
tnfchris = Tamar Christina <tamar.christina@arm.com>
tobi = Tobias Schlüter <tobias.schlueter@physik.uni-muenchen.de>
tocarip = Ilya Tocar <tocarip@gmail.com>
tomby = Tomas Bily <tbily@suse.cz>
tomtab = Toma Tabacu <toma.tabacu@imgtec.com>
toon = Toon Moene <toon@moene.org>
torvald = Torvald Riegel <triegel@redhat.com>
trifunovic = Konrad Trifunovic <konrad.trifunovic@inria.fr>
trippels = Markus Trippelsdorf <markus@trippelsdorf.de>
trix = Tom Rix <tcrix@bellsouth.net>
tromey = Tom Tromey <tromey@redhat.com>
tschwinge = Thomas Schwinge <thomas@codesourcery.com>
tsmigiel = Trevor Smigiel <trevor_smigiel@playstation.sony.com>
tudalova = Tatiana Udalova <t.udalova@samsung.com>
turly = Turly O'Connor <turly@apple.com>
uecker = Martin Uecker <uecker@eecs.berkeley.edu>
uramakrishna = Ramakrishna Upadrasta <Ramakrishna.Upadrasta@inria.fr>
uros = Uros Bizjak <ubizjak@gmail.com>
uweigand = Ulrich Weigand <uweigand@de.ibm.com>
vapier = Mike Frysinger <vapier@gentoo.org>
vehre = Andre Vehreschild <vehre@gmx.de>
vekumar = Venkataramanan Kumar <venkataramanan.kumar@amd.com>
victork = Victor Kaplansky <victork@il.ibm.com>
victorlei = Victor Leikehman <victorlei@gcc.gnu.org>
ville = Ville Voutilainen <ville.voutilainen@gmail.com>
vincent+gcc = Vincent Lefevre  <vincent+gcc@vinc17.org>
visit0r = Pekka Jääskeläinen <pekka.jaaskelainen@parmance.com>
vmakarov = Vladimir Makarov <vmakarov@redhat.com>
vondele = Joost VandeVondele <joost.vandevondele@mat.ethz.ch>
vp = Vidya Praveen <vidyapraveen@arm.com>
vprus = Vladimir Prus <vladimir@codesourcery.com>
vries = Tom de Vries <tom@codesourcery.com>
walt = Walter Lee <walt@tilera.com>
warrenl = Warren Levy <warrenl@cruzio.com>
wcohen = William Cohen <wcohen@redhat.com>
wehle = John Wehle <john@feith.com>
wilco = Wilco Dijkstra <wdijkstr@arm.com>
willschm = Will Schmidt <will_schmidt@vnet.ibm.com>
wilson = Jim Wilson <wilson@tuliptree.org>
wmi = Wei Mi <wmi@google.com>
woepaul = Paul Woegerer <paul.woegerer@nsc.com>
wood = Tom Wood <wood@dg-rtp.dg.com>
wschmidt = William Schmidt <wschmidt@linux.vnet.ibm.com>
xguo = Xuepeng Guo <terry.guo@arm.com>
xmj = Mingjie Xing <mingjie.xing@gmail.com>
xur = Rong Xu <xur@google.com>
ygribov = Yury Gribov <ygribov@gcc.gnu.org>
yroux = Yvan Roux <yvan.roux@linaro.org>
yufeng = Yufeng Zhang <yufeng.zhang@arm.com>
zack = Zack Weinberg <zackw@panix.com>
zadeck = Kenneth Zadeck <zadeck@naturalbridge.com>
zaks = Ayal Zaks <zaks@il.ibm.com>
ziga = Ziga Mahkovec <ziga.mahkovec@klika.si>
zippel = Roman Zippel <zippel@linux-m68k.org>
zlaski = Ziemowit Laski <zlaski@apple.com>
zlomek = Josef Zlomek <josef.zlomek@email.cz>
zqchen = Zhenqiang Chen <zhenqiang.chen@arm.com>
abensonca = Andrew Benson <abensonca@gmail.com>
alejandro = Alejandro Martinez <alejandro.martinezvicente@arm.com>
anlauf = Harald Anlauf <anlauf@gmx.de>
boris = Boris Kolpackov <boris@codesynthesis.com>
gergo = Gergö Barany <gergo@codesourcery.com>
guojiufu = Jiufu Guo <guojiufu@linux.ibm.com>
helijia = Li Jia He <helijia@gcc.gnu.org>
iii = Ilya Leoshkevich <iii@linux.ibm.com>
jcw = Jackson Woodruff <jackson.woodruff@arm.com>
jozefl = Jozef Lawrynowicz <jozef.l@mittosystems.com>
jpfau = Johannes Pfau <johannespfau@gmail.com>
junma = Jun Ma <junma@linux.alibaba.com>
kcy = Kwok Cheung Yeung <kcy@codesourcery.com>
linkw = Kewen Lin <linkw@gcc.gnu.org>
liuhongt = Hongtao Liu <hongtao.liu@intel.com>
luoxhu = Xiong Hu Luo <luoxhu@linux.vnet.ibm.com>
matmal01 = Matthew Malcomson <matthew.malcomson@arm.com>
pc = Paul Clarke <pc@us.ibm.com>
plouj = Michael Ploujnikov <michael.ploujnikov@oracle.com>
rillig = Roland Illig <roland.illig@gmx.de>
samtebbs = Sam Tebbs <sam.tebbs@arm.com>
sebastianperta = Sebastian Perta <sebastian.perta@renesas.com>
shorne = Stafford Horne <shorne@gmail.com>
siddhesh = Siddhesh Poyarekar <siddhesh@sourceware.org>
villemoes = Rasmus Villemoes <rv@rasmusvillemoes.dk>
vladlazar = Vlad Lazar <vlad.lazar@arm.com>
xianmiao = Xianmiao Qu <xianmiao_qu@c-sky.com>
zhroma = Roman Zhuykov <zhroma@ispras.ru>
