aaronwl = aaronwl <aaronwl>
aj = aj <aj>
alanm = alanm <alanm>
aldyh = aldyh <aldyh>
alehotsky = alehotsky <alehotsky>
aluchko = aluchko <aluchko>
amacleod = amacleod <amacleod>
amodra = amodra <amodra>
amylaar = amylaar <amylaar>
andreast = andreast <andreast>
anoncvs = anoncvs <anoncvs>
ansgar = ansgar <ansgar>
aoliva = aoliva <aoliva>
apbianco = apbianco <apbianco>
aph = aph <aph>
austern = austern <austern>
ayers = ayers <ayers>
bangerth = bangerth <bangerth>
bbooth = bbooth <bbooth>
bdavis = bdavis <bdavis>
bernds = bernds <bernds>
bernie = bernie <bernie>
bill = bill <bill>
billingd = billingd <billingd>
billm = billm <billm>
bje = bje <bje>
bkoz = bkoz <bkoz>
bo = bo <bo>
bonzini = bonzini <bonzini>
bosch = bosch <bosch>
bothner = bothner <bothner>
bowdidge = bowdidge <bowdidge>
brendan = brendan <brendan>
brobecke = brobecke <brobecke>
brolley = brolley <brolley>
bryce = bryce <bryce>
bson = bson <bson>
burley = burley <burley>
bwilson = bwilson <bwilson>
cagney = cagney <cagney>
canqun = canqun <canqun>
carlo = carlo <carlo>
cchavva = cchavva <cchavva>
ccorn = ccorn <ccorn>
cgd = cgd <cgd>
cgf = cgf <cgf>
charlet = charlet <charlet>
chastain = chastain <chastain>
chelf = chelf <chelf>
ciceron = ciceron <ciceron>
cks = cks <cks>
click = click <click>
clm = clm <clm>
collison = collison <collison>
corsepiu = corsepiu <corsepiu>
coxs = coxs <coxs>
cpopetz = cpopetz <cpopetz>
crux = crux <crux>
ctice = ctice <ctice>
dalej = dalej <dalej>
daney = daney <daney>
danglin = danglin <danglin>
dann = dann <dann>
dannysmith = dannysmith <dannysmith>
davem = davem <davem>
davidu = davidu <davidu>
dberlin = dberlin <dberlin>
denisc = denisc <denisc>
dennisg = dennisg <dennisg>
devans = devans <devans>
dglattin = dglattin <dglattin>
dgregor = dgregor <dgregor>
dj = dj <dj>
dje = dje <dje>
djee = djee <djee>
djm = djm <djm>
dlindsay = dlindsay <dlindsay>
dnovillo = dnovillo <dnovillo>
doko = doko <doko>
dorit = dorit <dorit>
dpatel = dpatel <dpatel>
drepper = drepper <drepper>
drow = drow <drow>
ebotcazou = ebotcazou <ebotcazou>
echristo = echristo <echristo>
edelsohn = edelsohn <edelsohn>
eggert = eggert <eggert>
ericb = ericb <ericb>
erich = erich <erich>
erik = erik <erik>
espie = espie <espie>
falk = falk <falk>
fche = fche <fche>
fengwang = fengwang <fengwang>
fitzsim = fitzsim <fitzsim>
fjahanian = fjahanian <fjahanian>
fjh = fjh <fjh>
fnasser = fnasser <fnasser>
ford = ford <ford>
fp = fp <fp>
friedman = friedman <friedman>
fw = fw <fw>
fx = fx <fx>
fxcoudert = fxcoudert <fxcoudert>
gavin = gavin <gavin>
gccadmin = gccadmin <gccadmin>
gdr = gdr <gdr>
geoffk = geoffk <geoffk>
gerald = gerald <gerald>
ghazi = ghazi <ghazi>
gingell = gingell <gingell>
giovannibajo = giovannibajo <giovannibajo>
gkm = gkm <gkm>
gp = gp <gp>
grahams = grahams <grahams>
graydon = graydon <graydon>
green = green <green>
guerby = guerby <guerby>
hagog = hagog <hagog>
hainque = hainque <hainque>
hassey = hassey <hassey>
hboehm = hboehm <hboehm>
hiller = hiller <hiller>
hjl = hjl <hjl>
hp = hp <hp>
hpenner = hpenner <hpenner>
hubicka = hubicka <hubicka>
ian = ian <ian>
iandall = iandall <iandall>
ira = ira <ira>
irar = irar <irar>
jakub = jakub <jakub>
janis = janis <janis>
jason = jason <jason>
jbeulich = jbeulich <jbeulich>
jconner = jconner <jconner>
jfc = jfc <jfc>
jgrimm = jgrimm <jgrimm>
jimb = jimb <jimb>
jkj = jkj <jkj>
jknaggs = jknaggs <jknaggs>
jle = jle <jle>
jlquinn = jlquinn <jlquinn>
joel = joel <joel>
jonz = jonz <jonz>
jrv = jrv <jrv>
jsm = jsm <jsm>
jsm28 = jsm28 <jsm28>
jsturm = jsturm <jsturm>
jtw = jtw <jtw>
jules = jules <jules>
jvdelisle = jvdelisle <jvdelisle>
jwlemke = jwlemke <jwlemke>
kargl = kargl <kargl>
karl = karl <karl>
kazu = kazu <kazu>
kcook = kcook <kcook>
kenner = kenner <kenner>
kevinb = kevinb <kevinb>
khan = khan <khan>
kho = kho <kho>
kkojima = kkojima <kkojima>
korbb = korbb <korbb>
kraai = kraai <kraai>
krab = krab <krab>
krebbel = krebbel <krebbel>
kristerw = kristerw <kristerw>
kseitz = kseitz <kseitz>
kwzh = kwzh <kwzh>
lauras = lauras <lauras>
law = law <law>
lerdsuwa = lerdsuwa <lerdsuwa>
ljrittle = ljrittle <ljrittle>
loewis = loewis <loewis>
loki = loki <loki>
m.hayes = m.hayes <m.hayes>
macro = macro <macro>
manfred = manfred <manfred>
marekm = marekm <marekm>
mark = mark <mark>
matt = matt <matt>
matthewg = matthewg <matthewg>
matz = matz <matz>
megacz = megacz <megacz>
meissner = meissner <meissner>
membar = membar <membar>
merrill = merrill <merrill>
meyering = meyering <meyering>
mgadams = mgadams <mgadams>
mib = mib <mib>
miles = miles <miles>
mkoch = mkoch <mkoch>
mmitchel = mmitchel <mmitchel>
mmitchell = mmitchell <mmitchell>
moore = moore <moore>
moshier = moshier <moshier>
mrs = mrs <mrs>
msokolov = msokolov <msokolov>
mycroft = mycroft <mycroft>
nathan = nathan <nathan>
neil = neil <neil>
nemet = nemet <nemet>
neroden = neroden <neroden>
nferrier = nferrier <nferrier>
nickc = nickc <nickc>
nico = nico <nico>
nicola = nicola <nicola>
niklas = niklas <niklas>
no-author = no-author <no-author>
noer = noer <noer>
obrien = obrien <obrien>
oldham = oldham <oldham>
oliva = oliva <oliva>
ovidiu = ovidiu <ovidiu>
paolo = paolo <paolo>
pault = pault <pault>
pb = pb <pb>
pbrook = pbrook <pbrook>
pcg = pcg <pcg>
phdm = phdm <phdm>
phython = phython <phython>
pinskia = pinskia <pinskia>
pkoning = pkoning <pkoning>
pme = pme <pme>
psmith = psmith <psmith>
pthomas = pthomas <pthomas>
raeburn = raeburn <raeburn>
rakdver = rakdver <rakdver>
ralph = ralph <ralph>
razya = razya <razya>
rearnsha = rearnsha <rearnsha>
redi = redi <redi>
reichelt = reichelt <reichelt>
rguenth = rguenth <rguenth>
rmathew = rmathew <rmathew>
rms = rms <rms>
ro = ro <ro>
robertl = robertl <robertl>
rodimina = rodimina <rodimina>
rodrigc = rodrigc <rodrigc>
roland = roland <roland>
rolfh = rolfh <rolfh>
rolfwr = rolfwr <rolfwr>
root = root <root>
rsandifo = rsandifo <rsandifo>
rth = rth <rth>
rupp = rupp <rupp>
sac = sac <sac>
samuel = samuel <samuel>
sayle = sayle <sayle>
schwab = schwab <schwab>
scottb = scottb <scottb>
scox = scox <scox>
segher = segher <segher>
sgilbertson = sgilbertson <sgilbertson>
shebs = shebs <shebs>
sirl = sirl <sirl>
sje = sje <sje>
spolk = spolk <spolk>
spop = spop <spop>
srladd = srladd <srladd>
steven = steven <steven>
stuart = stuart <stuart>
sveinse = sveinse <sveinse>
tege = tege <tege>
thomas = thomas <thomas>
thorpej = thorpej <thorpej>
tiemann = tiemann <tiemann>
timjosling = timjosling <timjosling>
tkoenig = tkoenig <tkoenig>
tobi = tobi <tobi>
toon = toon <toon>
trix = trix <trix>
tromey = tromey <tromey>
turly = turly <turly>
uros = uros <uros>
uweigand = uweigand <uweigand>
victorlei = victorlei <victorlei>
vmakarov = vmakarov <vmakarov>
warrenl = warrenl <warrenl>
wcohen = wcohen <wcohen>
wehle = wehle <wehle>
wilson = wilson <wilson>
woepaul = woepaul <woepaul>
wood = wood <wood>
zack = zack <zack>
zadeck = zadeck <zadeck>
ziga = ziga <ziga>
zlaski = zlaski <zlaski>
zlomek = zlomek <zlomek>
