aaronwl = Aaron W. LaFramboise <aaronavay62@aaronwl.com>
aj = Andreas Jaeger <aj@suse.de>
alanm = Alan Modra <amodra@bigpond.net.au>
aldyh = Aldy Hernandez <aldyh@redhat.com>
alehotsky = Alan Lehotsky <apl@alum.mit.edu>
aluchko = aluchko <aluchko>
amacleod = Andrew Macleod <amacleod@redhat.com>
amodra = Alan Modra <amodra@bigpond.net.au>
amylaar = Joern Rennecke <amylaar@onetel.net.uk>
andreast = Andreas Tobler <andreast@fgznet.ch>
anoncvs = Anonymous CVS User <anoncvs@gcc.gnu.org>
ansgar = Ansgar Esztermann <ansgar@thphy.uni-duesseldorf.de>
aoliva = Alexandre Oliva <aoliva@redhat.com>
apbianco = Alexandre Petit-Bianco <apbianco@redhat.com>
aph = Andrew Haley <aph@redhat.com>
austern = Matt Austern <austern@apple.com>
ayers = David Ayers <d.ayers@inode.at>
bangerth = Wolfgang Bangerth <bangerth@dealii.org>
bbooth = Brian Booth  <bbooth@redhat.com>
bdavis = Bud Davis <bdavis9659@comcast.net>
bernds = Bernd Schmidt <bernds_cb1@t-online.de>
bernie = Bernardo Innocenti <bernie@develer.com>
bill = Bill Cox <bill@rtl.cygnus.com>
billingd = David Billinghurst <David.Billinghurst@riotinto.com>
billm = Bill Moyer <billm@cygnus.com>
bje = Ben Elliston  <bje@redhat.com>
bkoz = Benjamin Kosnik <bkoz@redhat.com>
bo = bo <bo>
bonzini = Paolo Bonzini <bonzini@gnu.org>
bosch = Geert Bosch <bosch@gnat.com>
bothner = Per Bothner <per@bothner.com>
bowdidge = Robert Bowdidge <bowdidge@apple.com>
brendan = Brendan Kehoe <brendan@zen.org>
brobecke = Joel Brobecker <brobecker@gnat.com>
brolley = Dave Brolley <brolley@redhat.com>
bryce = Bryce McKinlay <bryce@gcc.gnu.org>
bson = bson <bson>
burley = Craig Burley <burley@gnu.org>
bwilson = Bob Wilson <bob.wilson@acm.org>
cagney = Andrew Cagney <cagney@redhat.com>
canqun = Canqun Yang <canqun@nudt.edu.cn>
carlo = Carlo Wood <carlo@alinoe.com>
cchavva = Chandra Chavva <cchavva@redhat.com>
ccorn = Christian Cornelssen <ccorn@cs.tu-berlin.de>
cgd = Chris Demetriou  <cgd@broadcom.com>
cgf = Christopher Faylor <cgf@gcc.gnu.org>
charlet = Arnaud Charlet  <charlet@act-europe.fr>
chastain = Michael Chastain  <chastain@redhat.com>
chelf =  Ben Chelf <ben@coverity.com>
ciceron = Stephane Carrez <stcarrez@nerim.fr>
cks = cks <cks>
click = click <click>
clm = Catherine Moore <clm@redhat.com>
collison = Michael Collison <collison@linaro.org>
corsepiu = Ralf Corsepius <ralf.corsepius@rtems.org>
coxs = Stan Cox  <coxs@dg-rtp.dg.com>
cpopetz = Clinton Popetz <cpopetz@cpopetz.com>
crux = Bernd Schmidt <bernds_cb1@t-online.de>
ctice = Caroline Tice <ctice@apple.com>
dalej = Dale Johannesen <dalej@apple.com>
daney = David Daney <ddaney@avtrex.com>
danglin = John David Anglin <danglin@gcc.gnu.org>
dann = Dan Nicolaescu <dann@ics.uci.edu>
dannysmith = Danny Smith  <dannysmith@users.sourceforge.net>
davem = David S. Miller <davem@redhat.com>
davidu = David Ung <davidu@mips.com>
dberlin = Daniel Berlin <dberlin@dberlin.org>
denisc = Denis Chertykov <denisc@overta.ru>
dennisg = dennisg <dennisg>
devans = Doug Evans  <devans@casey.cygnus.com>
dglattin = Dennis Glatting <dglattin@trirex.com>
dgregor = Doug Gregor <doug.gregor@gmail.com>
dj = DJ Delorie <dj@redhat.com>
dje = David Edelsohn <dje@gcc.gnu.org>
djee = David Jee <djee@redhat.com>
djm = David J. MacKenzie <djm@churchy.gnu.ai.mit.edu>
dlindsay = Don Lindsay <dlindsay@redhat.com>
dnovillo = Diego Novillo <dnovillo@redhat.com>
doko = Matthias Klose <doko@debian.org>
dorit = Dorit Nuzman <dorit@gcc.gnu.org>
dpatel = Devang Patel <dpatel@apple.com>
drepper = Ulrich Drepper <drepper@redhat.com>
drow = Daniel Jacobowitz  <drow@false.org>
ebotcazou = Eric Botcazou  <ebotcazou@libertysurf.fr>
echristo = Eric Christopher  <echristo@cygnus.com>
edelsohn = David Edelsohn  <edelsohn@mhpcc.edu>
eggert = Paul Eggert <eggert@twinsun.com>
ericb = Eric Blake <ericb@gcc.gnu.org>
erich = Richard Earnshaw <Richard.Earnshaw@foss.arm.com>
erik = erik <erik>
espie = Marc Espie <espie@cvs.openbsd.org>
falk = Falk Hueffner <falk@debian.org>
fche = Frank Ch. Eigler	<fche@redhat.com>
fengwang = Feng Wang <fengwang@nudt.edu.cn>
fitzsim = Thomas Fitzsimmons <fitzsim@redhat.com>
fjahanian = Fariborz Jahanian <fjahanian@apple.com>
fjh = Fergus Henderson <fjh@cs.mu.oz.au>
fnasser = Fernando Nasser <fnasser@redhat.com>
ford = Brian Ford <ford@vss.fsi.com>
fp = fp <fp>
friedman = friedman <friedman>
fw = Florian Weimer <fw@deneb.enyo.de>
fx = fx <fx>
fxcoudert = François-Xavier Coudert <coudert@clipper.ens.fr>
gavin = Gavin Romig-Koch <gavin@redhat.com>
gccadmin = gccadmin <gccadmin>
gdr = Gabriel Dos Reis <gdr@integrable-solutions.net>
geoffk = Geoffrey Keating <geoffk@geoffk.org>
gerald = Gerald Pfeifer <gerald@pfeifer.com>
ghazi = Kaveh Ghazi <ghazi@caip.rutgers.edu>
gingell = Matthew Gingell <gingell@gnat.com>
giovannibajo = Giovanni Bajo <giovannibajo@gcc.gnu.org>
gkm = Greg McGary <gkm@gnu.org>
gp = Graeme Peterson <gp@qnx.com>
grahams = Graham Stott <graham.stott@btinternet.com>
graydon = Graydon Hoare <graydon@redhat.com>
green = Anthony Green <green@redhat.com>
guerby = Laurent Guerby <laurent@guerby.net>
hagog = Mostafa Hagog <hagog@gcc.gnu.org>
hainque = Olivier Hainque <hainque@act-europe.fr>
hassey = hassey <hassey>
hboehm = Hans Boehm <hboehm@gcc.gnu.org>
hiller = Matthew Hiller <hiller@redhat.com>
hjl = H. J. Lu <hjl@lucon.org>
hp = Hans-Peter Nilsson <hp@bitrange.com>
hpenner = Hartmut Penner <hpenner@de.ibm.com>
hubicka = Jan Hubicka <jh@suse.cz>
ian = Ian Lance Taylor <ian@airs.com>
iandall = Ian Dall <ian@beware.dropbear.id.au>
ira = ira <ira>
irar = irar <irar>
jakub = Jakub Jelinek <jakub@redhat.com>
janis = Janis Johnson <janis187@us.ibm.com>
jason = Jason Merrill <jason@redhat.com>
jbeulich = Jan Beulich <jbeulich@novell.com>
jconner = Josh Conner <jconner@apple.com>
jfc = John Carr <jfc@mit.edu>
jgrimm = Jon Grimm <jgrimm2@us.ibm.com>
jimb = Jim Blandy <jimb@redhat.com>
jkj = Kean Johnston <jkj@sco.com>
jknaggs = Jeff Knaggs <jknaggs@redhat.com>
jle = Jason Eckhardt <jle@rice.edu>
jlquinn = Jerry Quinn <jlquinn@optonline.net>
joel = Joel Sherrill <joel@oarcorp.com>
jonz = Jon Ziegler <jonz@apple.com>
jrv = jrv <jrv>
jsm = Jason Molenda <jsm@gcc.gnu.org>
jsm28 = Joseph Myers <joseph@codesourcery.com>
jsturm = Jeff Sturm <jsturm@gcc.gnu.org>
jtw = jtw <jtw>
jules = Julian Brown <julian@codesourcery.com>
jvdelisle = Jerry DeLisle <jvdelisle@verizon.net>
jwlemke = James Lemke <jwlemke@codesourcery.com>
kargl = Steven G. Kargl <kargl@gcc.gnu.org>
karl = karl <karl>
kazu = Kazu Hirata <kazu@codesourcery.com>
kcook = R. Kelley Cook <kcook@gcc.gnu.org>
kenner = Richard Kenner <kenner@nyu.edu>
kevinb = Kevin Buettner <kevinb@redhat.com>
khan = Mumit Khan <khan@xraylith.wisc.edu>
kho = Kim Ho <kho@gcc.gnu.org>
kkojima = Kaz Kojima <kkojima@gcc.gnu.org>
korbb = Bruce Korb <bruce.korb@gmail.com>
kraai = Matt Kraai <kraai@ftbfs.org>
krab = Kresten Krab Thorup <krab@gcc.gnu.org>
krebbel = Andreas Krebbel <krebbel1@de.ibm.com>
kristerw = kristerw <kristerw>
kseitz =  Keith Seitz  <kseitz@sources.redhat.com>
kwzh =  Karl Heuer <kwzh@gnu.ai.mit.edu>
lauras = Laurynas Biveinis  <lauras@softhome.net>
law = Jeff Law <law@redhat.com>
lerdsuwa = Kriang Lerdsuwanakij <lerdsuwa@users.sourceforge.net>
ljrittle = Loren J. Rittle <ljrittle@acm.org>
loewis = Martin v. Löwis <loewis@informatik.hu-berlin.de>
loki = Gabor Loki <loki@inf.u-szeged.hu>
m.hayes = Michael Hayes <m.hayes@elec.canterbury.ac.nz>
macro = Maciej W. Rozycki <macro@linux-mips.org>
manfred = Manfred Hollstein  <manfred@s-direktnet.de>
marekm = Marek Michalkiewicz <marekm@amelek.gda.pl>
mark = Mark Wielaard <mark@gcc.gnu.org>
matt = Matt Thomas <matt@3am-software.com>
matthewg = matthewg <matthewg>
matz = Michael Matz <matz@suse.de>
megacz = Adam Megacz <gcc@lists.megacz.com>
meissner = Michael Meissner <meissner@cygnus.com>
membar = membar <membar>
merrill = Jason Merrill <jason@phydeaux.cygnus.com>
meyering = Jim Meyering <jim@meyering.net>
mgadams = Mark G. Adams <mark.g.adams@sympatico.ca>
mib = mib <mib>
miles = miles <miles>
mkoch = mkoch <mkoch>
mmitchel = Mark Mitchell <mark@codesourcery.com>
mmitchell = Mark Mitchell <mmitchell@usa.net>
moore = moore <moore>
moshier = Stephen L Moshier  <moshier@world.std.com>
mrs = Mike Stump <mrs@apple.com>
msokolov = Michael Sokolov <msokolov@ivan.harhan.org>
mycroft = mycroft <mycroft>
nathan = Nathan Sidwell <nathan@codesourcery.com>
neil = Neil Booth <neil@daikokuya.co.uk>
nemet = Adam Nemet <anemet@lnxw.com>
neroden = Nathanael Nerode  <neroden@gcc.gnu.org>
nferrier = Nic Ferrier <nferrier@tapsellferrier.co.uk>
nickc = Nick Clifton <nickc@redhat.com>
nico = Nicolas Pitre <nico@cam.org>
nicola = Nicola Pero <nicola@brainstorm.co.uk>
niklas = Niklas Hallqvist <niklas@appli.se>
no-author = no-author <no-author>
noer = Geoffrey Noer <noer@cygnus.com>
obrien = David O'Brien <obrien@FreeBSD.org>
oldham = Jeffrey D. Oldham <oldham@codesourcery.com>
oliva = Alexandre Oliva <aoliva@redhat.com>
ovidiu = Ovidiu Predescu <ovidiu@cup.hp.com>
paolo = Paolo Carlini <pcarlini@unitus.it>
pault = Paul Thomas <pault@gcc.gnu.org>
pb = Phil Blundell <pb@futuretv.com>
pbrook = Paul Brook <paul@codesourcery.com>
pcg = Marc Lehmann <pcg@goof.com>
phdm = Philippe De Muyter <phdm@macqel.be>
phython = James A. Morrison <phython@gcc.gnu.org>
pinskia = Andrew Pinski <pinskia@physics.uc.edu>
pkoning = Paul Koning <pkoning@equallogic.com>
pme = Phil Edwards <pme@gcc.gnu.org>
psmith = Paul D. Smith <smith@baynetworks.com>
pthomas = Philipp Thomas <pthomas@suse.de>
raeburn = Ken Raeburn <raeburn@rtl.cygnus.com>
rakdver = Zdenek Dvorak <rakdver@atrey.karlin.mff.cuni.cz>
ralph = Ralph Loader <ralph@gcc.gnu.org>
razya = Razya Ladelsky <razya@gcc.gnu.org>
rearnsha = Richard Earnshaw <rearnsha@arm.com>
redi = Jonathan Wakely <redi@gcc.gnu.org>
reichelt = Volker Reichelt <reichelt@igpm.rwth-aachen.de>
rguenth = Richard Guenther <rguenther@suse.de>
rmathew = Ranjit Mathew <rmathew@hotmail.com>
rms = Richard Stallman <rms@gnu.org>
ro = Rainer Orth <ro@TechFak.Uni-Bielefeld.DE>
robertl = Robert Lipe <robertl@arnet.com>
rodimina = Olga Rodimina <rodimin@gcc.gnu.org>
rodrigc =  Craig Rodrigues <rodrigc@gcc.gnu.org>.
roland = Roland McGrath  <roland@delasyd.gnu.ai.mit.edu>
rolfh = rolfh <rolfh>
rolfwr = Rolf Rasmussen <rolfwr@gcc.gnu.org>
root = root <root>
rsandifo = Richard Sandiford <rsandifo@redhat.com>
rth = Richard Henderson	<rth@redhat.com>
rupp = Douglas Rupp <rupp@gnat.com>
sac = Steve Chamberlain <sac@transmeta.com>
samuel = Alex Samuel <samuel@codesourcery.com>
sayle = Roger Sayle <roger@eyesopen.com>
schwab = Andreas Schwab <schwab@suse.de>
scottb = Scott Bambrough <scottb@netwinder.org>
scox = Stan Cox <scox@redhat.com>
segher = Segher Boessenkool <segher@kernel.crashing.org>
sgilbertson = Scott Gilbertson <scottg@mantatest.com>
shebs = Stan Shebs <shebs@apple.com>
sirl = Franz Sirl <franz.sirl-kernel@lauterbach.com>
sje = Steve Ellcey <sje@cup.hp.com>
spolk = Syd Polk <spolk@cygnus.com>
spop = Sebastian Pop <sebastian.pop@amd.com>
srladd = srladd <srladd>
steven = steven <steven>
stuart = Stuart Hastings <stuart@apple.com>
sveinse = Svein Seldal <svein@dev.seldal.com>
tege = Torbjorn Granlund <tege@noisy.matematik.su.se>
thomas = thomas <thomas>
thorpej = Jason Thorpe <thorpej@netbsd.org>
tiemann = Michael Tiemann <tiemann@redhat.com>
timjosling = Tim Josling <tej@melbpc.org.au>
tkoenig = Thomas Koenig <tkoenig@gcc.gnu.org>
tobi = Tobias Schlüter <tobias.schlueter@physik.uni-muenchen.de>
toon = Toon Moene <toon@moene.indiv.nluug.nl>
trix = Tom Rix <trix@redhat.com>
tromey = Tom Tromey <tromey@redhat.com>
turly = Turly O'Connor <turly@apple.com>
uros = Uros Bizjak <uros@kss-loka.si>
uweigand = Ulrich Weigand <uweigand@de.ibm.com>
victorlei = Victor Leikehman <victorlei@gcc.gnu.org>
vmakarov = Vladimir Makarov <vmakarov@redhat.com>
warrenl = Warren Levy <warrenl@cruzio.com>
wcohen = William Cohen <wcohen@redhat.com>
wehle =  John Wehle <john@feith.com>
wilson = Jim Wilson <wilson@specifixinc.com>
woepaul = woepaul <woepaul>
wood = wood <wood>
zack = Zack Weinberg <zackw@panix.com>
zadeck = Kenneth Zadeck <zadeck@naturalbridge.com>
ziga = Ziga Mahkovec <ziga.mahkovec@klika.si>
zlaski = Ziemowit Laski <zlaski@apple.com>
zlomek = Josef Zlomek <josef.zlomek@email.cz>
